---
source: src/lib.rs
description: "Test File Path: tests/mock/test_snapshot_mock.py"
---
{
  "args": [],
  "kwargs": {}
}
