---
source: src/lib.rs
description: "Test File Path: ./test_main.py"
---
{
  "main": "result"
}
