---
source: src/mocks.rs
description: "Test File Path: tests/test_main.py"
---
{
  "args": [
    "https://jsonplaceholder.typicode.com/todos/1"
  ],
  "kwargs": {}
}
