---
source: src/lib.rs
description: "Test File Path: tests/test_main.py"
---
{
  "completed": false,
  "id": 1,
  "title": "delectus aut autem",
  "userId": 1
}
