---
source: src/lib.rs
expression: res
---
",name,id
0,foo,1
1,bar,2
"
