---
source: src/lib.rs
---
{
  "calls": 1,
  "result": 70
}
