---
source: src/lib.rs
---
{
  "args": [
    7
  ],
  "kwargs": null
}
