---
source: src/lib.rs
expression: result_2
---
{
  "double": 8
}
