---
source: src/lib.rs
expression: result
---
{
  "double": 8
}
